#
# There is insufficient memory for the Java Runtime Environment to continue.
# Native memory allocation (mmap) failed to map 134217728 bytes. Error detail: G1 virtual space
# Possible reasons:
#   The system is out of physical RAM or swap space
#   This process is running with CompressedOops enabled, and the Java Heap may be blocking the growth of the native heap
# Possible solutions:
#   Reduce memory load on the system
#   Increase physical memory or swap space
#   Check if swap backing store is full
#   Decrease Java heap size (-Xmx/-Xms)
#   Decrease number of Java threads
#   Decrease Java thread stack sizes (-Xss)
#   Set larger code cache with -XX:ReservedCodeCacheSize=
#   JVM is running with Unscaled Compressed Oops mode in which the Java heap is
#     placed in the first 4GB address space. The Java Heap base address is the
#     maximum limit for the native heap growth. Please use -XX:HeapBaseMinAddress
#     to set the Java Heap base and to place the Java Heap above 4GB virtual address.
# This output file may be truncated or incomplete.
#
#  Out of Memory Error (os_windows.cpp:3703), pid=16056, tid=19440
#
# JRE version:  (23.0.1+11) (build )
# Java VM: Java HotSpot(TM) 64-Bit Server VM (23.0.1+11-jvmci-b01, mixed mode, sharing, tiered, jvmci, jvmci compiler, compressed oops, compressed class ptrs, g1 gc, windows-amd64)
# No core dump will be written. Minidumps are not enabled by default on client versions of Windows
#

---------------  S U M M A R Y ------------

Command Line: -XX:ThreadPriorityPolicy=1 -XX:+UnlockExperimentalVMOptions -XX:+EnableJVMCIProduct -XX:-UnlockExperimentalVMOptions --add-exports=java.base/jdk.internal.misc=jdk.graal.compiler --enable-native-access=ALL-UNNAMED 

Host: Intel(R) Core(TM) i5-9300HF CPU @ 2.40GHz, 8 cores, 7G,  Windows 10 , 64 bit Build 19041 (10.0.19041.5915)
Time: Mon Jan 19 23:58:06 2026 W. Central Africa Standard Time elapsed time: 0.014406 seconds (0d 0h 0m 0s)

---------------  T H R E A D  ---------------

Current thread (0x00000245fc1bfd40):  JavaThread "Unknown thread" [_thread_in_vm, id=19440, stack(0x000000a96be00000,0x000000a96bf00000) (1024K)]

Stack: [0x000000a96be00000,0x000000a96bf00000]
Native frames: (J=compiled Java code, j=interpreted, Vv=VM code, C=native code)
V  [jvm.dll+0x6e08b9]  (no source info available)
V  [jvm.dll+0x87dc83]  (no source info available)
V  [jvm.dll+0x88010e]  (no source info available)
V  [jvm.dll+0x8807e3]  (no source info available)
V  [jvm.dll+0x27aee6]  (no source info available)
V  [jvm.dll+0x6dd1c5]  (no source info available)
V  [jvm.dll+0x6d104a]  (no source info available)
V  [jvm.dll+0x35b3ea]  (no source info available)
V  [jvm.dll+0x3637f6]  (no source info available)
V  [jvm.dll+0x34fd5e]  (no source info available)
V  [jvm.dll+0x34fff8]  (no source info available)
V  [jvm.dll+0x3289cc]  (no source info available)
V  [jvm.dll+0x32966e]  (no source info available)
V  [jvm.dll+0x844355]  (no source info available)
V  [jvm.dll+0x3b9848]  (no source info available)
V  [jvm.dll+0x82d14c]  (no source info available)
V  [jvm.dll+0x454d4e]  (no source info available)
V  [jvm.dll+0x456bd1]  (no source info available)
C  [jli.dll+0x52a3]  (no source info available)
C  [ucrtbase.dll+0x21bb2]  (no source info available)
C  [KERNEL32.DLL+0x17374]  (no source info available)
C  [ntdll.dll+0x4cc91]  (no source info available)

Lock stack of current Java thread (top to bottom):


---------------  P R O C E S S  ---------------

Threads class SMR info:
_java_thread_list=0x00007ffeab663618, length=0, elements={
}

Java Threads: ( => current thread )
Total: 0

Other Threads:
  0x00000245fe555b70 WorkerThread "GC Thread#0"                     [id=17568, stack(0x000000a96bf00000,0x000000a96c000000) (1024K)]
  0x00000245fe56a8f0 ConcurrentGCThread "G1 Main Marker"            [id=11408, stack(0x000000a96c000000,0x000000a96c100000) (1024K)]
  0x00000245fe56bbc0 WorkerThread "G1 Conc#0"                       [id=1752, stack(0x000000a96c100000,0x000000a96c200000) (1024K)]

[error occurred during error reporting (printing all threads), id 0xc0000005, EXCEPTION_ACCESS_VIOLATION (0xc0000005) at pc=0x00007ffeaadabfba]
VM state: not at safepoint (not fully initialized)

VM Mutex/Monitor currently owned by a thread:  ([mutex/lock_event])
[0x00007ffeab6e3a10] Heap_lock - owner thread: 0x00000245fc1bfd40

Heap address: 0x0000000081200000, size: 2030 MB, Compressed Oops mode: 32-bit

CDS archive(s) mapped at: [0x0000000000000000-0x0000000000000000-0x0000000000000000), size 0, SharedBaseAddress: 0x0000000800000000, ArchiveRelocationMode: 1.
Narrow klass base: 0x0000000000000000, Narrow klass shift: 0, Narrow klass range: 0x0

GC Precious Log:
 CardTable entry size: 512
 Card Set container configuration: InlinePtr #cards 5 size 8 Array Of Cards #cards 10 size 36 Howl #buckets 4 coarsen threshold 1843 Howl Bitmap #cards 512 size 80 coarsen threshold 460 Card regions per heap region 1 cards per card region 2048

Heap:
 garbage-first heap   total reserved 2078720K, committed 0K, used 0K [0x0000000081200000, 0x0000000100000000)
  region size 1024K, 0 young (0K), 0 survivors (0K)

[error occurred during error reporting (printing heap information), id 0xc0000005, EXCEPTION_ACCESS_VIOLATION (0xc0000005) at pc=0x00007ffeab1ac3c9]
GC Heap History (0 events):
No events

Dll operation events (1 events):
Event: 0.010 Loaded shared library C:\Program Files\Java\graalvm-jdk-23.0.1+11.1\bin\java.dll

Deoptimization events (0 events):
No events

Classes loaded (0 events):
No events

Classes unloaded (0 events):
No events

Classes redefined (0 events):
No events

Internal exceptions (0 events):
No events

VM Operations (0 events):
No events

Memory protections (0 events):
No events

Nmethod flushes (0 events):
No events

Events (0 events):
No events


Dynamic libraries:
0x00007ff7dd060000 - 0x00007ff7dd070000 	C:\Program Files\Java\graalvm-jdk-23.0.1+11.1\bin\java.exe
0x00007fff0f9d0000 - 0x00007fff0fbc8000 	C:\Windows\SYSTEM32\ntdll.dll
0x00007fff0e1d0000 - 0x00007fff0e292000 	C:\Windows\System32\KERNEL32.DLL
0x00007fff0d400000 - 0x00007fff0d6f6000 	C:\Windows\System32\KERNELBASE.dll
0x00007fff0d060000 - 0x00007fff0d160000 	C:\Windows\System32\ucrtbase.dll
0x00007ffeef9a0000 - 0x00007ffeef9b7000 	C:\Program Files\Java\graalvm-jdk-23.0.1+11.1\bin\jli.dll
0x00007ffeee520000 - 0x00007ffeee53b000 	C:\Program Files\Java\graalvm-jdk-23.0.1+11.1\bin\VCRUNTIME140.dll
0x00007fff0dd50000 - 0x00007fff0def1000 	C:\Windows\System32\USER32.dll
0x00007fff0d3d0000 - 0x00007fff0d3f2000 	C:\Windows\System32\win32u.dll
0x00007ffef7530000 - 0x00007ffef77cb000 	C:\Windows\WinSxS\amd64_microsoft.windows.common-controls_6595b64144ccf1df_6.0.19041.6456_none_60b8a6cb71f64256\COMCTL32.dll
0x00007fff0f3c0000 - 0x00007fff0f45e000 	C:\Windows\System32\msvcrt.dll
0x00007fff0f390000 - 0x00007fff0f3bb000 	C:\Windows\System32\GDI32.dll
0x00007fff0d2b0000 - 0x00007fff0d3c9000 	C:\Windows\System32\gdi32full.dll
0x00007fff0d160000 - 0x00007fff0d1fd000 	C:\Windows\System32\msvcp_win.dll
0x00007fff0f960000 - 0x00007fff0f98f000 	C:\Windows\System32\IMM32.DLL
0x00007ffef08e0000 - 0x00007ffef08ec000 	C:\Program Files\Java\graalvm-jdk-23.0.1+11.1\bin\vcruntime140_1.dll
0x00007ffed7200000 - 0x00007ffed728e000 	C:\Program Files\Java\graalvm-jdk-23.0.1+11.1\bin\msvcp140.dll
0x00007ffeaaa70000 - 0x00007ffeab7bf000 	C:\Program Files\Java\graalvm-jdk-23.0.1+11.1\bin\server\jvm.dll
0x00007fff0dfd0000 - 0x00007fff0e081000 	C:\Windows\System32\ADVAPI32.dll
0x00007fff0eef0000 - 0x00007fff0ef8f000 	C:\Windows\System32\sechost.dll
0x00007fff0f060000 - 0x00007fff0f180000 	C:\Windows\System32\RPCRT4.dll
0x00007fff0d7e0000 - 0x00007fff0d807000 	C:\Windows\System32\bcrypt.dll
0x00007fff0df60000 - 0x00007fff0dfcb000 	C:\Windows\System32\WS2_32.dll
0x00007fff0ca50000 - 0x00007fff0ca9b000 	C:\Windows\SYSTEM32\POWRPROF.dll
0x00007fff03010000 - 0x00007fff0301a000 	C:\Windows\SYSTEM32\VERSION.dll
0x00007ffefcd10000 - 0x00007ffefcd37000 	C:\Windows\SYSTEM32\WINMM.dll
0x00007fff0ca30000 - 0x00007fff0ca42000 	C:\Windows\SYSTEM32\UMPDC.dll
0x00007fff0b830000 - 0x00007fff0b842000 	C:\Windows\SYSTEM32\kernel.appcore.dll
0x00007ffef0780000 - 0x00007ffef078a000 	C:\Program Files\Java\graalvm-jdk-23.0.1+11.1\bin\jimage.dll
0x00007fff0ad50000 - 0x00007fff0af51000 	C:\Windows\SYSTEM32\DBGHELP.DLL
0x00007ffeee5c0000 - 0x00007ffeee5f4000 	C:\Windows\SYSTEM32\dbgcore.DLL
0x00007fff0d700000 - 0x00007fff0d782000 	C:\Windows\System32\bcryptPrimitives.dll
0x00007ffeedd20000 - 0x00007ffeedd3e000 	C:\Program Files\Java\graalvm-jdk-23.0.1+11.1\bin\java.dll
0x00007fff0e090000 - 0x00007fff0e1bb000 	C:\Windows\System32\ole32.dll
0x00007fff0d9f0000 - 0x00007fff0dd44000 	C:\Windows\System32\combase.dll
0x00007fff0e630000 - 0x00007fff0eda0000 	C:\Windows\System32\SHELL32.dll

dbghelp: loaded successfully - version: 4.0.5 - missing functions: none
symbol engine: initialized successfully - sym options: 0x614 - pdb path: .;C:\Program Files\Java\graalvm-jdk-23.0.1+11.1\bin;C:\Windows\SYSTEM32;C:\Windows\WinSxS\amd64_microsoft.windows.common-controls_6595b64144ccf1df_6.0.19041.6456_none_60b8a6cb71f64256;C:\Program Files\Java\graalvm-jdk-23.0.1+11.1\bin\server

VM Arguments:
jvm_args: -XX:ThreadPriorityPolicy=1 -XX:+UnlockExperimentalVMOptions -XX:+EnableJVMCIProduct -XX:-UnlockExperimentalVMOptions --add-exports=java.base/jdk.internal.misc=jdk.graal.compiler --enable-native-access=ALL-UNNAMED 
java_command: <unknown>
java_class_path (initial): <not set>
Launcher Type: SUN_STANDARD

[Global flags]
     intx CICompilerCount                          = 4                                         {product} {ergonomic}
     uint ConcGCThreads                            = 2                                         {product} {ergonomic}
     bool EnableJVMCIProduct                       = true                                {JVMCI product} {jimage}
     uint G1ConcRefinementThreads                  = 8                                         {product} {ergonomic}
   size_t G1HeapRegionSize                         = 1048576                                   {product} {ergonomic}
   size_t InitialHeapSize                          = 134217728                                 {product} {ergonomic}
   size_t MarkStackSize                            = 4194304                                   {product} {ergonomic}
   size_t MarkStackSizeMax                         = 536870912                                 {product} {ergonomic}
   size_t MaxHeapSize                              = 2128609280                                {product} {ergonomic}
   size_t MinHeapDeltaBytes                        = 1048576                                   {product} {ergonomic}
   size_t MinHeapSize                              = 8388608                                   {product} {ergonomic}
    uintx NonNMethodCodeHeapSize                   = 6946816                                {pd product} {ergonomic}
    uintx NonProfiledCodeHeapSize                  = 122421248                              {pd product} {ergonomic}
    uintx ProfiledCodeHeapSize                     = 122290176                              {pd product} {ergonomic}
    uintx ReservedCodeCacheSize                    = 251658240                              {pd product} {ergonomic}
     bool SegmentedCodeCache                       = true                                      {product} {ergonomic}
   size_t SoftMaxHeapSize                          = 2128609280                             {manageable} {ergonomic}
      int ThreadPriorityPolicy                     = 1                                         {product} {jimage}
     bool UseCompressedOops                        = true                           {product lp64_product} {ergonomic}
     bool UseG1GC                                  = true                                      {product} {ergonomic}
     bool UseLargePagesIndividualAllocation        = false                                  {pd product} {ergonomic}

Logging:
Log output configuration:
 #0: stdout all=warning uptime,level,tags foldmultilines=false
 #1: stderr all=off uptime,level,tags foldmultilines=false

Environment Variables:
JAVA_HOME=C:\Program Files\Java\graalvm-jdk-23.0.1+11.1
PATH=C:\Program Files\Common Files\Oracle\Java\javapath;C:\Windows\system32;C:\Windows;C:\Windows\System32\Wbem;C:\Windows\System32\WindowsPowerShell\v1.0\;C:\Windows\System32\OpenSSH\;C:\Program Files\Git\cmd;C:\Program Files\Java\graalvm-jdk-23.0.1+11.1\bin;C:\Program Files\Microsoft SQL Server\Client SDK\ODBC\130\Tools\Binn\;C:\Program Files (x86)\Microsoft SQL Server\130\Tools\Binn\;C:\Program Files\Microsoft SQL Server\130\Tools\Binn\;C:\Program Files\Microsoft SQL Server\130\DTS\Binn\;C:\Program Files (x86)\Microsoft SQL Server\160\DTS\Binn\;C:\Users\Ghassen\AppData\Local\Programs\Python\Python313;C:\Program Files\Docker\Docker\resources\bin;C:\Users\Ghassen\AppData\Local\Programs\Python\Python313\Scripts;C:\Users\Ghassen\AppData\Local\nvm;C:\nvm4w\nodejs;C:\Users\Ghassen\AppData\Local\Programs\Python\Launcher\;C:\Users\Ghassen\AppData\Local\Microsoft\WindowsApps;C:\Program Files\JetBrains\IntelliJ IDEA 2024.1.4\bin;;C:\Users\Ghassen\AppData\Roaming\npm;C:\Users\Ghassen\AppData\Local\Programs\Microsoft VS Code\bin;C:\Users\Ghassen\AppData\Local\nvm;C:\nvm4w\nodejs;C:\Program Files\JetBrains\PyCharm 2025.1.2\bin;
USERNAME=Ghassen
OS=Windows_NT
PROCESSOR_IDENTIFIER=Intel64 Family 6 Model 158 Stepping 13, GenuineIntel
TMP=C:\Users\Ghassen\AppData\Local\Temp
TEMP=C:\Users\Ghassen\AppData\Local\Temp




Periodic native trim disabled

---------------  S Y S T E M  ---------------

OS:
 Windows 10 , 64 bit Build 19041 (10.0.19041.5915)
OS uptime: 5 days 2:07 hours
Hyper-V role detected

CPU: total 8 (initial active 8) (4 cores per cpu, 2 threads per core) family 6 model 158 stepping 13 microcode 0xea, cx8, cmov, fxsr, ht, mmx, 3dnowpref, sse, sse2, sse3, ssse3, sse4.1, sse4.2, popcnt, lzcnt, tsc, tscinvbit, avx, avx2, aes, erms, clmul, bmi1, bmi2, adx, fma, vzeroupper, clflush, clflushopt, hv, rdtscp, f16c
Processor Information for the first 8 processors :
  Max Mhz: 2400, Current Mhz: 2400, Mhz Limit: 2400

Memory: 4k page, system-wide physical 8112M (270M free)
TotalPageFile size 32688M (AvailPageFile size 91M)
current process WorkingSet (physical memory assigned to process): 11M, peak: 11M
current process commit charge ("private bytes"): 60M, peak: 188M

vm_info: Java HotSpot(TM) 64-Bit Server VM (23.0.1+11-jvmci-b01) for windows-amd64 JRE (23.0.1+11-jvmci-b01), built on 2024-10-01T10:34:46Z with MS VC++ 17.6 (VS2022)

END.
